2021-01-22 13:29:30 groups.py: import library
2021-01-22 13:30:52 groups.py: import library
2021-01-22 13:30:52 groups.py: Script started
2021-01-22 13:30:56 groups.py: ask number from user
2021-01-22 13:30:56 groups.py: add group in json file
2021-01-22 13:30:56 groups.py: Script ended !
